┃ Are you sure?                                                                 
┃                                                                               
┃   Yes     No                                                                  
                                                                                
←/→ toggle • enter submit • y Yes • n No